----------------------------------------------------------------
-Pin Report - Date: Thu Aug 20 07:44:49 2026 Pinchecksum: NOT-AVAILABLE
-Product: Designer
-Release: 2025.1
-Version: 2025.1.0.14
-Design Name: DDS_PNFreq
-Family: PolarFireSoC
-Die: MPFS025T
-Package: FCVG484
-----------------------------------------------------------------

Port           |Pin |Fixed |Function                                             |Bank     |I/O Std   |Direction    |Used I/O Reg       |User I/O Lock Down |Clamp Diode   |Resistor Pull                     |Use I/O Calibration from the lane |Schmitt Trigger |Vcm Input Range    |On Die Termination |Odt Value (Ohm) |Input Delay |Slew              |Output Drive (mA) |Impedance (ohm)  |Output Load (pF)         |Source Termination (Ohm) |Output Delay |
---------------|----|------|-----------------------------------------------------|---------|----------|-------------|-------------------|-------------------|--------------|----------------------------------|----------------------------------|----------------|-------------------|-------------------|----------------|------------|------------------|------------------|-----------------|-------------------------|-------------------------|-------------|
CLK             E15  No     GPIO0PB1/CLKIN_S_8/CCC_SE_CLKIN_S_8/CCC_SE_PLL0_OUT0  Bank1     LVCMOS33   Input         None                No                  ON             Up                                 No                                 OFF              ---                 ---                 ---              OFF          ---                ---                ---               ---                       ---                       ---           
COSINE[0]       B10  No     GPIO47PB1                                             Bank1     LVCMOS33   Output        None                No                  ON             None                               No                                 ---              ---                 ---                 ---              ---          OFF                8                  ---               5                         ---                       OFF           
COSINE[1]       C9   No     GPIO44NB1/DQS                                         Bank1     LVCMOS33   Output        None                No                  ON             None                               No                                 ---              ---                 ---                 ---              ---          OFF                8                  ---               5                         ---                       OFF           
COSINE[2]       C12  No     GPIO48NB1                                             Bank1     LVCMOS33   Output        None                No                  ON             None                               No                                 ---              ---                 ---                 ---              ---          OFF                8                  ---               5                         ---                       OFF           
COSINE[3]       B9   No     GPIO47NB1                                             Bank1     LVCMOS33   Output        None                No                  ON             None                               No                                 ---              ---                 ---                 ---              ---          OFF                8                  ---               5                         ---                       OFF           
FREQ_OFFSET[0]  A8   No     GPIO43PB1                                             Bank1     LVCMOS33   Input         None                No                  ON             Up                                 No                                 OFF              ---                 ---                 ---              OFF          ---                ---                ---               ---                       ---                       ---           
FREQ_OFFSET[1]  D8   No     GPIO42NB1                                             Bank1     LVCMOS33   Input         None                No                  ON             Up                                 No                                 OFF              ---                 ---                 ---              OFF          ---                ---                ---               ---                       ---                       ---           
FREQ_OFFSET[2]  D9   No     GPIO42PB1                                             Bank1     LVCMOS33   Input         None                No                  ON             Up                                 No                                 OFF              ---                 ---                 ---              OFF          ---                ---                ---               ---                       ---                       ---           
FREQ_OFFSET[3]  B7   No     GPIO41NB1                                             Bank1     LVCMOS33   Input         None                No                  ON             Up                                 No                                 OFF              ---                 ---                 ---              OFF          ---                ---                ---               ---                       ---                       ---           
FREQ_OFFSET[4]  A7   No     GPIO41PB1/CLKIN_S_3/CCC_SW_CLKIN_S_3                  Bank1     LVCMOS33   Input         None                No                  ON             Up                                 No                                 OFF              ---                 ---                 ---              OFF          ---                ---                ---               ---                       ---                       ---           
NGRST           B8   No     GPIO43NB1                                             Bank1     LVCMOS33   Input         None                No                  ON             Up                                 No                                 OFF              ---                 ---                 ---              OFF          ---                ---                ---               ---                       ---                       ---           
PN_SIN          A11  No     GPIO45NB1                                             Bank1     LVCMOS33   Input         None                No                  ON             Up                                 No                                 OFF              ---                 ---                 ---              OFF          ---                ---                ---               ---                       ---                       ---           
RSTN            A6   No     GPIO40PB1/CCC_SW_PLL1_OUT1                            Bank1     LVCMOS33   Input         None                No                  ON             Up                                 No                                 OFF              ---                 ---                 ---              OFF          ---                ---                ---               ---                       ---                       ---           
SINE[0]         C10  No     GPIO44PB1/DQS/CCC_SW_PLL0_OUT0                        Bank1     LVCMOS33   Output        None                No                  ON             None                               No                                 ---              ---                 ---                 ---              ---          OFF                8                  ---               5                         ---                       OFF           
SINE[1]         D11  No     GPIO46NB1                                             Bank1     LVCMOS33   Output        None                No                  ON             None                               No                                 ---              ---                 ---                 ---              ---          OFF                8                  ---               5                         ---                       OFF           
SINE[2]         C11  No     GPIO46PB1/CCC_SW_PLL0_OUT1                            Bank1     LVCMOS33   Output        None                No                  ON             None                               No                                 ---              ---                 ---                 ---              ---          OFF                8                  ---               5                         ---                       OFF           
SINE[3]         A10  No     GPIO45PB1/CCC_SW_PLL0_OUT0                            Bank1     LVCMOS33   Output        None                No                  ON             None                               No                                 ---              ---                 ---                 ---              ---          OFF                8                  ---               5                         ---                       OFF           
